{
  "baseline": [
    {
      "scenario": "owner_1_seed",
      "outputPass": true,
      "capture": {
        "traceSpanCount": 11,
        "httpServerSpanCount": 1,
        "jdbcSpanCount": 4,
        "ownersSelectSpanCount": 2,
        "declarationCount": 0,
        "requiredEvidencePresent": false,
        "reasons": [
          "Expected 1 successful mapping declarations"
        ]
      },
      "typedEdgePass": false
    },
    {
      "scenario": "owner_2_filter_control",
      "outputPass": true,
      "capture": {
        "traceSpanCount": 11,
        "httpServerSpanCount": 1,
        "jdbcSpanCount": 4,
        "ownersSelectSpanCount": 2,
        "declarationCount": 0,
        "requiredEvidencePresent": false,
        "reasons": [
          "Expected 1 successful mapping declarations"
        ]
      },
      "typedEdgePass": false
    },
    {
      "scenario": "missing_owner",
      "outputPass": true,
      "capture": {
        "traceSpanCount": 5,
        "httpServerSpanCount": 1,
        "jdbcSpanCount": 1,
        "ownersSelectSpanCount": 1,
        "declarationCount": 0,
        "requiredEvidencePresent": true,
        "reasons": []
      },
      "typedEdgePass": null
    }
  ],
  "enhanced": [
    {
      "scenario": "owner_1_seed",
      "outputPass": true,
      "capture": {
        "traceSpanCount": 11,
        "httpServerSpanCount": 1,
        "jdbcSpanCount": 4,
        "ownersSelectSpanCount": 2,
        "declarationCount": 1,
        "requiredEvidencePresent": true,
        "reasons": []
      },
      "typedEdgePass": true
    },
    {
      "scenario": "owner_2_filter_control",
      "outputPass": true,
      "capture": {
        "traceSpanCount": 11,
        "httpServerSpanCount": 1,
        "jdbcSpanCount": 4,
        "ownersSelectSpanCount": 2,
        "declarationCount": 1,
        "requiredEvidencePresent": true,
        "reasons": []
      },
      "typedEdgePass": true
    },
    {
      "scenario": "missing_owner",
      "outputPass": true,
      "capture": {
        "traceSpanCount": 5,
        "httpServerSpanCount": 1,
        "jdbcSpanCount": 1,
        "ownersSelectSpanCount": 1,
        "declarationCount": 0,
        "requiredEvidencePresent": true,
        "reasons": []
      },
      "typedEdgePass": null
    }
  ],
  "mutant": [
    {
      "scenario": "owner_1_seed",
      "outputPass": false,
      "capture": {
        "traceSpanCount": 11,
        "httpServerSpanCount": 1,
        "jdbcSpanCount": 4,
        "ownersSelectSpanCount": 2,
        "declarationCount": 1,
        "requiredEvidencePresent": true,
        "reasons": []
      },
      "typedEdgePass": true
    },
    {
      "scenario": "owner_2_filter_control",
      "outputPass": false,
      "capture": {
        "traceSpanCount": 11,
        "httpServerSpanCount": 1,
        "jdbcSpanCount": 4,
        "ownersSelectSpanCount": 2,
        "declarationCount": 1,
        "requiredEvidencePresent": true,
        "reasons": []
      },
      "typedEdgePass": true
    },
    {
      "scenario": "missing_owner",
      "outputPass": true,
      "capture": {
        "traceSpanCount": 5,
        "httpServerSpanCount": 1,
        "jdbcSpanCount": 1,
        "ownersSelectSpanCount": 1,
        "declarationCount": 0,
        "requiredEvidencePresent": true,
        "reasons": []
      },
      "typedEdgePass": null
    }
  ]
}
Negative controls detected: 9 / 9
FINAL ACCEPTANCE GATE: PASS
